
> preview
> node scripts/with-app-env.mjs vite preview


 ╭────────── [Build Info] ─────────────╮
 │                                     │
 │  - Build Directory: .vercel/output  │
 │  - Date: 9/4/2026, 6:31:36 AM       │
 │  - Nitro Version: 3.0.260610-beta   │
 │  - Nitro Preset: vercel             │
 │                                     │
 ╰─────────────────────────────────────╯

  ➜  Local:   http://127.0.0.1:8081/
[db] PGLite bootstrap failed: Error: ENOENT: no such file or directory, open '/workspace/.vercel/output/functions/__server.func/_libs/pglite.data'
    at async open (node:internal/fs/promises:639:25)
    at async Module.readFile (node:internal/fs/promises:1252:14)
    at async Object.w$2 (file:///workspace/.vercel/output/functions/__server.func/_libs/electric-sql__pglite.mjs:114:16) {
  errno: -2,
  code: 'ENOENT',
  syscall: 'open',
  path: '/workspace/.vercel/output/functions/__server.func/_libs/pglite.data'
}
node:internal/process/promises:394
    triggerUncaughtException(err, true /* fromPromise */);
    ^

Error: ENOENT: no such file or directory, open '/workspace/.vercel/output/functions/__server.func/_libs/pglite.data'
    at async open (node:internal/fs/promises:639:25)
    at async Module.readFile (node:internal/fs/promises:1252:14)
    at async Object.w$2 (file:///workspace/.vercel/output/functions/__server.func/_libs/electric-sql__pglite.mjs:114:16) {
  errno: -2,
  code: 'ENOENT',
  syscall: 'open',
  path: '/workspace/.vercel/output/functions/__server.func/_libs/pglite.data'
}

Node.js v22.23.2

> preview
> node scripts/with-app-env.mjs vite preview


 ╭────────── [Build Info] ─────────────╮
 │                                     │
 │  - Build Directory: .vercel/output  │
 │  - Date: 9/4/2026, 6:31:36 AM       │
 │  - Nitro Version: 3.0.260610-beta   │
 │  - Nitro Preset: vercel             │
 │                                     │
 ╰─────────────────────────────────────╯

  ➜  Local:   http://127.0.0.1:8081/
2026-09-04T06:32:37.428Z WARN [Better Auth]: Rate limiting could not determine a client IP and is falling back to a single shared per-path bucket. Ensure your runtime forwards a trusted client IP header, then set `advanced.ipAddress.ipAddressHeaders` or `advanced.ipAddress.trustedProxies` so the address can be resolved.

> preview
> node scripts/with-app-env.mjs vite preview


 ╭────────── [Build Info] ─────────────╮
 │                                     │
 │  - Build Directory: .vercel/output  │
 │  - Date: 9/4/2026, 6:33:41 AM       │
 │  - Nitro Version: 3.0.260610-beta   │
 │  - Nitro Preset: vercel             │
 │                                     │
 ╰─────────────────────────────────────╯

  ➜  Local:   http://127.0.0.1:8081/
2026-09-04T06:33:52.589Z WARN [Better Auth]: Rate limiting could not determine a client IP and is falling back to a single shared per-path bucket. Ensure your runtime forwards a trusted client IP header, then set `advanced.ipAddress.ipAddressHeaders` or `advanced.ipAddress.trustedProxies` so the address can be resolved.

> preview
> node scripts/with-app-env.mjs vite preview


 ╭────────── [Build Info] ─────────────╮
 │                                     │
 │  - Build Directory: .vercel/output  │
 │  - Date: 9/4/2026, 7:37:11 AM       │
 │  - Nitro Version: 3.0.260610-beta   │
 │  - Nitro Preset: vercel             │
 │                                     │
 ╰─────────────────────────────────────╯

  ➜  Local:   http://127.0.0.1:8081/
[db] PGLite bootstrap failed: Error: ENOENT: no such file or directory, open '/workspace/.vercel/output/functions/__server.func/_libs/pglite.data'
    at async open (node:internal/fs/promises:639:25)
    at async Module.readFile (node:internal/fs/promises:1252:14)
    at async Object.w$2 (file:///workspace/.vercel/output/functions/__server.func/_libs/electric-sql__pglite.mjs:114:16) {
  errno: -2,
  code: 'ENOENT',
  syscall: 'open',
  path: '/workspace/.vercel/output/functions/__server.func/_libs/pglite.data'
}
node:internal/process/promises:394
    triggerUncaughtException(err, true /* fromPromise */);
    ^

Error: ENOENT: no such file or directory, open '/workspace/.vercel/output/functions/__server.func/_libs/pglite.data'
    at async open (node:internal/fs/promises:639:25)
    at async Module.readFile (node:internal/fs/promises:1252:14)
    at async Object.w$2 (file:///workspace/.vercel/output/functions/__server.func/_libs/electric-sql__pglite.mjs:114:16) {
  errno: -2,
  code: 'ENOENT',
  syscall: 'open',
  path: '/workspace/.vercel/output/functions/__server.func/_libs/pglite.data'
}

Node.js v22.23.2

> preview
> node scripts/with-app-env.mjs vite preview


 ╭────────── [Build Info] ─────────────╮
 │                                     │
 │  - Build Directory: .vercel/output  │
 │  - Date: 9/4/2026, 7:37:11 AM       │
 │  - Nitro Version: 3.0.260610-beta   │
 │  - Nitro Preset: vercel             │
 │                                     │
 ╰─────────────────────────────────────╯

  ➜  Local:   http://127.0.0.1:8081/
node:internal/fs/promises:639
  return new FileHandle(await PromisePrototypeThen(
                        ^

Error: ENOENT: no such file or directory, open '/workspace/.vercel/output/functions/__server.func/_libs/initdb.wasm'
    at async open (node:internal/fs/promises:639:25)
    at async Module.readFile (node:internal/fs/promises:1252:14)
    at async Object.b$2 (file:///workspace/.vercel/output/functions/__server.func/_libs/electric-sql__pglite.mjs:99:11) {
  errno: -2,
  code: 'ENOENT',
  syscall: 'open',
  path: '/workspace/.vercel/output/functions/__server.func/_libs/initdb.wasm'
}

Node.js v22.23.2

> preview
> node scripts/with-app-env.mjs vite preview


 ╭────────── [Build Info] ─────────────╮
 │                                     │
 │  - Build Directory: .vercel/output  │
 │  - Date: 9/4/2026, 7:37:11 AM       │
 │  - Nitro Version: 3.0.260610-beta   │
 │  - Nitro Preset: vercel             │
 │                                     │
 ╰─────────────────────────────────────╯

  ➜  Local:   http://127.0.0.1:8081/
2026-09-04T07:38:26.873Z WARN [Better Auth]: Rate limiting could not determine a client IP and is falling back to a single shared per-path bucket. Ensure your runtime forwards a trusted client IP header, then set `advanced.ipAddress.ipAddressHeaders` or `advanced.ipAddress.trustedProxies` so the address can be resolved.
Error: aborted
    at abortIncoming (node:_http_server:838:17)
    ... 3 lines matching cause stack trace ...
    at TCP.callbackTrampoline (node:internal/async_hooks:130:17) {
  cause: Error: aborted
      at abortIncoming (node:_http_server:838:17)
      at socketOnClose (node:_http_server:832:3)
      at Socket.emit (node:events:531:35)
      at TCP.<anonymous> (node:net:347:12)
      at TCP.callbackTrampoline (node:internal/async_hooks:130:17) {
    code: 'ECONNRESET'
  },
  status: 500,
  statusText: undefined,
  headers: undefined,
  data: undefined,
  body: undefined,
  unhandled: true
}

> preview
> node scripts/with-app-env.mjs vite preview


 ╭────────── [Build Info] ─────────────╮
 │                                     │
 │  - Build Directory: .vercel/output  │
 │  - Date: 9/4/2026, 8:19:33 AM       │
 │  - Nitro Version: 3.0.260610-beta   │
 │  - Nitro Preset: vercel             │
 │                                     │
 ╰─────────────────────────────────────╯

  ➜  Local:   http://127.0.0.1:8081/
[db] PGLite bootstrap failed: Error: ENOENT: no such file or directory, open '/workspace/.vercel/output/functions/__server.func/_libs/pglite.data'
    at async open (node:internal/fs/promises:639:25)
    at async Module.readFile (node:internal/fs/promises:1252:14)
    at async Object.w$2 (file:///workspace/.vercel/output/functions/__server.func/_libs/electric-sql__pglite.mjs:114:16) {
  errno: -2,
  code: 'ENOENT',
  syscall: 'open',
  path: '/workspace/.vercel/output/functions/__server.func/_libs/pglite.data'
}
node:internal/process/promises:394
    triggerUncaughtException(err, true /* fromPromise */);
    ^

Error: ENOENT: no such file or directory, open '/workspace/.vercel/output/functions/__server.func/_libs/pglite.data'
    at async open (node:internal/fs/promises:639:25)
    at async Module.readFile (node:internal/fs/promises:1252:14)
    at async Object.w$2 (file:///workspace/.vercel/output/functions/__server.func/_libs/electric-sql__pglite.mjs:114:16) {
  errno: -2,
  code: 'ENOENT',
  syscall: 'open',
  path: '/workspace/.vercel/output/functions/__server.func/_libs/pglite.data'
}

Node.js v22.23.2

> preview
> node scripts/with-app-env.mjs vite preview


 ╭────────── [Build Info] ─────────────╮
 │                                     │
 │  - Build Directory: .vercel/output  │
 │  - Date: 9/4/2026, 8:19:33 AM       │
 │  - Nitro Version: 3.0.260610-beta   │
 │  - Nitro Preset: vercel             │
 │                                     │
 ╰─────────────────────────────────────╯

  ➜  Local:   http://127.0.0.1:8081/
2026-09-04T08:22:03.868Z WARN [Better Auth]: Rate limiting could not determine a client IP and is falling back to a single shared per-path bucket. Ensure your runtime forwards a trusted client IP header, then set `advanced.ipAddress.ipAddressHeaders` or `advanced.ipAddress.trustedProxies` so the address can be resolved.
Error: aborted
    at abortIncoming (node:_http_server:838:17)
    ... 3 lines matching cause stack trace ...
    at TCP.callbackTrampoline (node:internal/async_hooks:130:17) {
  cause: Error: aborted
      at abortIncoming (node:_http_server:838:17)
      at socketOnClose (node:_http_server:832:3)
      at Socket.emit (node:events:531:35)
      at TCP.<anonymous> (node:net:347:12)
      at TCP.callbackTrampoline (node:internal/async_hooks:130:17) {
    code: 'ECONNRESET'
  },
  status: 500,
  statusText: undefined,
  headers: undefined,
  data: undefined,
  body: undefined,
  unhandled: true
}
